$ mkdir workspace
$ cd workspace
$ mkdir hello
$ cd hello
$ go mod init example.com/hello
$ go get golang.org/x/example/hello/reverse
--------------------------------------------------------------------
Here’s the simulated output for your commands:

```plaintext
$ mkdir workspace

$ cd workspace

$ mkdir hello

$ cd hello

$ go mod init example.com/hello
go: creating new go.mod: module example.com/hello

$ go get golang.org/x/example/hello/reverse
go: downloading golang.org/x/example v0.0.0-<version>
go: added golang.org/x/example v0.0.0-<version>
```

This assumes you have internet connectivity, and the module `golang.org/x/example/hello/reverse` is publicly available. Let me know what you'd like to do next!
--------------------------------------------------------------------
$ notepad hello.go
notepad will open , so write in it :
package main
import (
"fmt"  
"golang/org/x/example/hello/reverse"
)
func main() {
fmt.println(reverse.string("Hello"))
}


$ go run .
--------------------------------------------------------------------
Here’s the simulated flow for your scenario:

### Code written in `hello.go`:
```go
package main

import (
	"fmt"
	"golang.org/x/example/hello/reverse"
)

func main() {
	fmt.Println(reverse.String("Hello"))
}
```

### Command Execution and Result:

```plaintext
$ go run .
# command-line-arguments
./hello.go:5:2: cannot find package "golang.org/x/example/hello/reverse" in any of:
	C:\Go\src\golang.org\x\example\hello\reverse (from $GOROOT)
	<path-to-your-workspace>\pkg\mod\golang.org\x\example\hello\reverse (from $GOPATH)
./hello.go:10:14: undefined: reverse.String
```

### Explanation:
1. **Issues in your code:**
   - There’s a typo in your import path: It should be `"golang.org/x/example/hello/reverse"`, not `"golang/org/x/example/hello/reverse"`.
   - The function call `reverse.string` is incorrect. It should be `reverse.String`, assuming `String` is the correct function from the `reverse` package.

2. **Corrected Code:**
   Update your `hello.go` to the following:
   ```go
   package main

   import (
       "fmt"
       "golang.org/x/example/hello/reverse"
   )

   func main() {
       fmt.Println(reverse.String("Hello"))
   }
   ```

3. **Output after correction:**
   If everything is set up correctly:
   ```plaintext
   $ go run .
   olleH
   ```

Let me know if you'd like help with fixing errors or anything else!
--------------------------------------------------------------------
$ go work init ./hello
$ go run ./hello
--------------------------------------------------------------------

Here’s the simulation of the commands:

### Command Execution and Output:

```plaintext
$ go work init ./hello
go: creating go.work file with directories:
	./hello

$ go run ./hello
```

### Expected Result:

If your `hello.go` code is correct and everything (including the `golang.org/x/example/hello/reverse` package) is properly installed and configured, the output would be:

```plaintext
olleH
```

### Explanation:
1. **`go work init ./hello`**:
   - This initializes a workspace that includes the `hello` directory.
   - A `go.work` file is created in the current directory.

2. **`go run ./hello`**:
   - This command runs the Go program in the `./hello` directory.
   - If the `reverse.String` function works as intended, it reverses "Hello" to "olleH."

Let me know if you encounter any issues or if you'd like to simulate further commands!
--------------------------------------------------------------------

$ git clone https://go.googlesource.com/example
$ go work use ./example/hello
$ cd workspace/example/hello/reverse
$ notepad int.go

package reverse
import "strconv"
func Int(i int) int {
i ,_=strconv.Atoi(String(strconv.Itoa(i)))
return i
}


$ notepad workspace/hello/hello.go

package main

import (
    "fmt"
    "golang.org/x/example/hello/reverse"
)

func main() {
    fmt.Println(reverse.String("Hello") , reverse.Int(24601))
}


$ go run ./hello
--------------------------------------------------------------------
Let's simulate the sequence of commands you've provided:

### 1. **Cloning the Example Repository:**
```plaintext
$ git clone https://go.googlesource.com/example
Cloning into 'example'...
remote: Counting objects: 35, done.
remote: Compressing objects: 100% (29/29), done.
remote: Total 35 (delta 4), reused 35 (delta 4)
Receiving objects: 100% (35/35), done.
Resolving deltas: 100% (4/4), done.
```

### 2. **Using the Example Directory in `go.work`:**
```plaintext
$ go work use ./example/hello
go: added use of ./example/hello to go.work
```

### 3. **Navigating to Reverse Directory and Editing `int.go`:**
```plaintext
$ cd workspace/example/hello/reverse

# Editing int.go
```

**Contents of `int.go`:**
```go
package reverse

import "strconv"

func Int(i int) int {
    i, _ = strconv.Atoi(String(strconv.Itoa(i)))
    return i
}
```

### Explanation of `Int` function:
- The `Int` function converts an integer to a string (`strconv.Itoa(i)`), then converts it back to an integer using `strconv.Atoi`, and finally returns the result. However, this logic seems redundant, as it essentially just returns the same integer passed to it. 

### 4. **Editing `hello.go` in `workspace/hello`:**
```plaintext
$ notepad workspace/hello/hello.go
```

**Contents of `hello.go`:**
```go
package main

import (
    "fmt"
    "golang.org/x/example/hello/reverse"
)

func main() {
    fmt.Println(reverse.String("Hello"), reverse.Int(24601))
}
```

### 5. **Running the Code:**
```plaintext
$ go run ./hello
```

### Expected Output:
If everything is set up correctly and all imports and directories are properly linked, the output would look like this:

```plaintext
olleH 24601
```

### Explanation:
- The `reverse.String("Hello")` will return the string `"olleH"`.
- The `reverse.Int(24601)` will simply return `24601`, since the `Int` function essentially converts the integer to a string and back to the same integer, which has no effect on the result.

Let me know if you need further clarification or if something doesn't work as expected!
--------------------------------------------------------------------
Show me the tree of my files and directory
--------------------------------------------------------------------
Here’s the directory and file structure based on the steps you've provided:

```plaintext
workspace/
├── hello/
│   ├── go.mod
│   ├── hello.go
├── example/
│   └── hello/
│       ├── reverse/
│       │   ├── int.go
│       │   ├── reverse.go
│       │   └── <other files related to reverse>
│       └── <other files related to hello>
├── go.work
```

### Explanation:
1. **`workspace/hello/`**:
   - This contains the main project files:
     - `go.mod`: Defines the module `example.com/hello`.
     - `hello.go`: The main Go program that imports and uses `reverse.String` and `reverse.Int`.

2. **`workspace/example/hello/reverse/`**:
   - This contains the `reverse` package:
     - `int.go`: Defines the `Int` function.
     - `reverse.go`: Likely defines the `String` function for reversing strings.
     - Other potential files related to the `reverse` package.

3. **`go.work`**:
   - The workspace file that includes the directories `./hello` and `./example/hello` to manage multiple modules.

Let me know if you'd like to simulate or modify anything else!



